******************************************************************************
               TMS320C6x Linker PC v7.4.18                     
******************************************************************************
>> Linked Thu Nov 01 09:16:11 2018

OUTPUT FILE NAME:   <TP3_MoDem.out>
ENTRY POINT SYMBOL: "_c_int00"  address: 00002800


MEMORY CONFIGURATION

         name            origin    length      used     unused   attr    fill
----------------------  --------  ---------  --------  --------  ----  --------
  IVECS                 00000000   00000220  00000200  00000020  RWIX
  IRAM                  00000220   0002bde0  00003876  0002856a  RWIX
  DATA_C                0002c000   00004000  00000000  00004000  RWIX
  SDRAM                 80000000   00100000  00000000  00100000  RWIX
  FLASH                 90000000   00020000  00000000  00020000  RWIX


SECTION ALLOCATION MAP

 output                                  attributes/
section   page    origin      length       input sections
--------  ----  ----------  ----------   ----------------
.vecs      0    00000000    00000200     
                  00000000    00000200     Vectors_intr.obj (.vecs)

.bss       0    00000220    00000000     UNINITIALIZED

.text      0    00000220    00002880     
                  00000220    000007a0     c6713dskinit.obj (.text)
                  000009c0    000004a0     main.obj (.text:retain)
                  00000e60    00000480     dsk6713bsl.lib : dsk6713.obj (.text)
                  000012e0    00000320                    : dsk6713_aic23_opencodec.obj (.text)
                  00001600    00000240     rts6700.lib : memcpy62.obj (.text:_memcpy)
                  00001840    000001c0     csl6713.lib : csl_irq.obj (.text:_IRQ_map)
                  00001a00    000001a0                 : csl_mcbsp.obj (.text:_MCBSP_reset)
                  00001ba0    00000160     dsk6713bsl.lib : dsk6713_aic23_registers.obj (.text)
                  00001d00    00000120     rts6700.lib : divi.obj (.text:__divi)
                  00001e20    00000100     csl6713.lib : csl_mcbsp.obj (.text:_MCBSP_open)
                  00001f20    00000100                 : csl_mcbsp.obj (.text:_MCBSP_start)
                  00002020    00000100     rts6700.lib : autoinit.obj (.text:__auto_init)
                  00002120    00000100                 : remi.obj (.text:__remi)
                  00002220    000000e0                 : strasg.obj (.text:__strasg)
                  00002300    000000e0                 : exit.obj (.text:_exit)
                  000023e0    000000e0     main.obj (.text)
                  000024c0    000000c0     rts6700.lib : cpy_tbl.obj (.text:_copy_in)
                  00002580    000000c0     dsk6713bsl.lib : dsk6713_aic23_setfreq.obj (.text)
                  00002640    000000a0     csl6713.lib : csl_mcbsp.obj (.text:_MCBSP_config)
                  000026e0    000000a0                 : csl_irq.obj (.text:_setMux)
                  00002780    00000080     rts6700.lib : cpp_init.obj (.text:___TI_cpp_init)
                  00002800    00000080                 : boot.obj (.text:_c_int00)
                  00002880    00000040     csl6713.lib : csl_irq.obj (.text:_IRQ_enable)
                  000028c0    00000040                 : csl_irq.obj (.text:_IRQ_reset)
                  00002900    00000040     rts6700.lib : args_main.obj (.text:__args_main)
                  00002940    00000020     Vectors_intr.obj (.text)
                  00002960    00000020     csl6713.lib : csl_irq.obj (.text:_IRQ_globalDisable)
                  00002980    00000020                 : csl_irq.obj (.text:_IRQ_globalEnable)
                  000029a0    00000020                 : csl_irq.obj (.text:_IRQ_nmiEnable)
                  000029c0    00000020                 : csl_mcbsp.obj (.text:_MCBSP_getXmtEventId)
                  000029e0    00000020                 : csl_mcbsp.obj (.text:_MCBSP_read)
                  00002a00    00000020                 : csl_mcbsp.obj (.text:_MCBSP_rrdy)
                  00002a20    00000020                 : csl_mcbsp.obj (.text:_MCBSP_write)
                  00002a40    00000020                 : csl_mcbsp.obj (.text:_MCBSP_xrdy)
                  00002a60    00000020     rts6700.lib : exit.obj (.text:_abort)
                  00002a80    00000020     csl6713.lib : csl_irq.obj (.text)

.far       0    00002aa0    0000098a     UNINITIALIZED
                  00002aa0    000007a8     main.obj (.far)
                  00003248    000000f4     csl6713.lib : csl_irq.obj (.far)
                  0000333c    00000058     c6713dskinit.obj (.far)
                  00003394    00000038     csl6713.lib : csl_mcbsp.obj (.far)
                  000033cc    00000028     dsk6713bsl.lib : dsk6713_aic23_registers.obj (.far)
                  000033f4    00000020                    : dsk6713_aic23_setfreq.obj (.far)
                  00003414    0000000c     rts6700.lib : exit.obj (.far)
                  00003420    00000008     dsk6713bsl.lib : dsk6713_aic23_opencodec.obj (.far)
                  00003428    00000002                    : dsk6713.obj (.far)

.cinit     0    00003430    0000050c     
                  00003430    0000029c     main.obj (.cinit)
                  000036cc    00000004     --HOLE-- [fill = 0]
                  000036d0    0000012c     csl6713.lib : csl_irq.obj (.cinit)
                  000037fc    00000004     --HOLE-- [fill = 0]
                  00003800    00000058     c6713dskinit.obj (.cinit)
                  00003858    00000054     csl6713.lib : csl_mcbsp.obj (.cinit)
                  000038ac    00000004     --HOLE-- [fill = 0]
                  000038b0    00000030     dsk6713bsl.lib : dsk6713_aic23_registers.obj (.cinit)
                  000038e0    0000002c     rts6700.lib : exit.obj (.cinit)
                  0000390c    00000004     --HOLE-- [fill = 0]
                  00003910    00000028     dsk6713bsl.lib : dsk6713_aic23_setfreq.obj (.cinit)
                  00003938    00000004     --HOLE-- [fill = 0]

.stack     0    00003940    00000100     UNINITIALIZED
                  00003940    00000008     rts6700.lib : boot.obj (.stack)
                  00003948    000000f8     --HOLE--

.const     0    00003a40    00000060     
                  00003a40    00000040     dsk6713bsl.lib : dsk6713_aic23_opencodec.obj (.const)
                  00003a80    00000020                    : dsk6713.obj (.const)


GLOBAL SYMBOLS: SORTED ALPHABETICALLY BY Name 

address    name
--------   ----
00000220   $bss
00000220   .bss
00000220   .text
00002a60   C$$EXIT
00003348   _AIC23CfgData
0000333c   _AIC_data
00003240   _D
00003420   _DSK6713_AIC23_codeccontrolhandle
00003424   _DSK6713_AIC23_codecdatahandle
00001c60   _DSK6713_AIC23_config
000012e0   _DSK6713_AIC23_openCodec
00001c3c   _DSK6713_AIC23_rget
00001ba0   _DSK6713_AIC23_rset
00002580   _DSK6713_AIC23_setFreq
00001274   _DSK6713_getVersion
00000eac   _DSK6713_init
000011c8   _DSK6713_rget
000011dc   _DSK6713_rset
00003428   _DSK6713_version
000011f0   _DSK6713_wait
00001248   _DSK6713_waitusec
00002880   _IRQ_enable
00002960   _IRQ_globalDisable
00002980   _IRQ_globalEnable
00001840   _IRQ_map
000029a0   _IRQ_nmiEnable
000028c0   _IRQ_reset
00002640   _MCBSP_config
000029c0   _MCBSP_getXmtEventId
00001e20   _MCBSP_open
000029e0   _MCBSP_read
00001a00   _MCBSP_reset
00002a00   _MCBSP_rrdy
00001f20   _MCBSP_start
00002a20   _MCBSP_write
00002a40   _MCBSP_xrdy
00003238   _PAS
0000323c   _SM
00002f38   _SignalModulation
00002db8   _SignalPorteuse
000030b8   _Signaldemodulation
00002c38   _TabModulation
00002b24   _Xn
00002b28   _XnBuf
00002c2c   _Yn
00002bac   _YnBuf
00003334   __IRQ_dispatchTable
00003270   __IRQ_eventTable
00002a80   __IRQ_hookFetchPacket
000032f4   __IRQ_intTable
000033c4   __MCBSP_hDev0
000033c8   __MCBSP_hDev1
00003a40   __STACK_END
00000100   __STACK_SIZE
00000001   __TI_args_main
00002780   ___TI_cpp_init
0000341c   ___TI_enable_exit_profile_output
ffffffff   ___TI_pprof_out_hndl
ffffffff   ___TI_prof_data_size
ffffffff   ___TI_prof_data_start
ffffffff   ___binit__
00000220   ___bss__
ffffffff   ___c_args__
00003430   ___cinit__
00000220   ___end__
00002aa0   ___etext__
ffffffff   ___pinit__
00000220   ___text__
00002900   __args_main
00002020   __auto_init
00001d00   __c6xabi_divi
00002120   __c6xabi_remi
00003414   __cleanup_ptr
00001d00   __divi
00003418   __dtors_ptr
00002120   __remi
00003940   __stack
00002220   __strasg
00002a60   _abort
00000220   _c6713_dsk_init
00002800   _c_int00
000009c0   _c_int11
00000318   _comm_intr
000002e4   _comm_poll
00003368   _config
000024c0   _copy_in
00002300   _exit
00002aa0   _fs
00002aa4   _h
00003390   _hAIC23_handle
00002c30   _i
00000820   _input_left_sample
000008e8   _input_right_sample
0000071c   _input_sample
00002c32   _j
00003244   _k
00002c36   _m
000023e0   _main
00001600   _memcpy
00002c34   _n
0000055c   _output_left_sample
0000063c   _output_right_sample
00000444   _output_sample
00000020   _vector1
00000140   _vector10
00000180   _vector12
000001a0   _vector13
000001c0   _vector14
000001e0   _vector15
00000040   _vector2
00000060   _vector3
00000080   _vector4
000000a0   _vector5
000000c0   _vector6
000000e0   _vector7
00000100   _vector8
00000120   _vector9
00000000   _vectors
ffffffff   binit
00003430   cinit
00000220   end
00002aa0   etext
ffffffff   pinit


GLOBAL SYMBOLS: SORTED BY Symbol Address 

address    name
--------   ----
00000000   _vectors
00000001   __TI_args_main
00000020   _vector1
00000040   _vector2
00000060   _vector3
00000080   _vector4
000000a0   _vector5
000000c0   _vector6
000000e0   _vector7
00000100   __STACK_SIZE
00000100   _vector8
00000120   _vector9
00000140   _vector10
00000180   _vector12
000001a0   _vector13
000001c0   _vector14
000001e0   _vector15
00000220   $bss
00000220   .bss
00000220   .text
00000220   ___bss__
00000220   ___end__
00000220   ___text__
00000220   _c6713_dsk_init
00000220   end
000002e4   _comm_poll
00000318   _comm_intr
00000444   _output_sample
0000055c   _output_left_sample
0000063c   _output_right_sample
0000071c   _input_sample
00000820   _input_left_sample
000008e8   _input_right_sample
000009c0   _c_int11
00000eac   _DSK6713_init
000011c8   _DSK6713_rget
000011dc   _DSK6713_rset
000011f0   _DSK6713_wait
00001248   _DSK6713_waitusec
00001274   _DSK6713_getVersion
000012e0   _DSK6713_AIC23_openCodec
00001600   _memcpy
00001840   _IRQ_map
00001a00   _MCBSP_reset
00001ba0   _DSK6713_AIC23_rset
00001c3c   _DSK6713_AIC23_rget
00001c60   _DSK6713_AIC23_config
00001d00   __c6xabi_divi
00001d00   __divi
00001e20   _MCBSP_open
00001f20   _MCBSP_start
00002020   __auto_init
00002120   __c6xabi_remi
00002120   __remi
00002220   __strasg
00002300   _exit
000023e0   _main
000024c0   _copy_in
00002580   _DSK6713_AIC23_setFreq
00002640   _MCBSP_config
00002780   ___TI_cpp_init
00002800   _c_int00
00002880   _IRQ_enable
000028c0   _IRQ_reset
00002900   __args_main
00002960   _IRQ_globalDisable
00002980   _IRQ_globalEnable
000029a0   _IRQ_nmiEnable
000029c0   _MCBSP_getXmtEventId
000029e0   _MCBSP_read
00002a00   _MCBSP_rrdy
00002a20   _MCBSP_write
00002a40   _MCBSP_xrdy
00002a60   C$$EXIT
00002a60   _abort
00002a80   __IRQ_hookFetchPacket
00002aa0   ___etext__
00002aa0   _fs
00002aa0   etext
00002aa4   _h
00002b24   _Xn
00002b28   _XnBuf
00002bac   _YnBuf
00002c2c   _Yn
00002c30   _i
00002c32   _j
00002c34   _n
00002c36   _m
00002c38   _TabModulation
00002db8   _SignalPorteuse
00002f38   _SignalModulation
000030b8   _Signaldemodulation
00003238   _PAS
0000323c   _SM
00003240   _D
00003244   _k
00003270   __IRQ_eventTable
000032f4   __IRQ_intTable
00003334   __IRQ_dispatchTable
0000333c   _AIC_data
00003348   _AIC23CfgData
00003368   _config
00003390   _hAIC23_handle
000033c4   __MCBSP_hDev0
000033c8   __MCBSP_hDev1
00003414   __cleanup_ptr
00003418   __dtors_ptr
0000341c   ___TI_enable_exit_profile_output
00003420   _DSK6713_AIC23_codeccontrolhandle
00003424   _DSK6713_AIC23_codecdatahandle
00003428   _DSK6713_version
00003430   ___cinit__
00003430   cinit
00003940   __stack
00003a40   __STACK_END
ffffffff   ___TI_pprof_out_hndl
ffffffff   ___TI_prof_data_size
ffffffff   ___TI_prof_data_start
ffffffff   ___binit__
ffffffff   ___c_args__
ffffffff   ___pinit__
ffffffff   binit
ffffffff   pinit

[123 symbols]
