******************************************************************************
               TMS320C6x Linker PC v7.4.18                     
******************************************************************************
>> Linked Thu Nov 08 09:20:49 2018

OUTPUT FILE NAME:   <TP4_Goertzel.out>
ENTRY POINT SYMBOL: "_c_int00"  address: 000027c0


MEMORY CONFIGURATION

         name            origin    length      used     unused   attr    fill
----------------------  --------  ---------  --------  --------  ----  --------
  IVECS                 00000000   00000220  00000200  00000020  RWIX
  IRAM                  00000220   0002bde0  000045d2  0002780e  RWIX
  DATA_C                0002c000   00004000  00000000  00004000  RWIX
  SDRAM                 80000000   00100000  00000000  00100000  RWIX
  FLASH                 90000000   00020000  00000000  00020000  RWIX


SECTION ALLOCATION MAP

 output                                  attributes/
section   page    origin      length       input sections
--------  ----  ----------  ----------   ----------------
.vecs      0    00000000    00000200     
                  00000000    00000200     Vectors_poll.obj (.vecs)

.bss       0    00000220    00000000     UNINITIALIZED

.text      0    00000220    000026c0     
                  00000220    00000960     main.obj (.text)
                  00000b80    00000640     c6713dskinit.obj (.text)
                  000011c0    00000480     dsk6713bsl.lib : dsk6713.obj (.text)
                  00001640    00000320                    : dsk6713_aic23_opencodec.obj (.text)
                  00001960    00000240     rts6700.lib : memcpy62.obj (.text:_memcpy)
                  00001ba0    000001c0     csl6713.lib : csl_irq.obj (.text:_IRQ_map)
                  00001d60    000001a0                 : csl_mcbsp.obj (.text:_MCBSP_reset)
                  00001f00    00000160     dsk6713bsl.lib : dsk6713_aic23_registers.obj (.text)
                  00002060    00000100     csl6713.lib : csl_mcbsp.obj (.text:_MCBSP_open)
                  00002160    00000100                 : csl_mcbsp.obj (.text:_MCBSP_start)
                  00002260    00000100     rts6700.lib : autoinit.obj (.text:__auto_init)
                  00002360    000000e0                 : strasg.obj (.text:__strasg)
                  00002440    000000e0                 : exit.obj (.text:_exit)
                  00002520    000000c0                 : cpy_tbl.obj (.text:_copy_in)
                  000025e0    000000c0     dsk6713bsl.lib : dsk6713_aic23_setfreq.obj (.text)
                  000026a0    000000a0     csl6713.lib : csl_irq.obj (.text:_setMux)
                  00002740    00000080     rts6700.lib : cpp_init.obj (.text:___TI_cpp_init)
                  000027c0    00000080                 : boot.obj (.text:_c_int00)
                  00002840    00000040                 : args_main.obj (.text:__args_main)
                  00002880    00000020     Vectors_poll.obj (.text)
                  000028a0    00000020     rts6700.lib : exit.obj (.text:_abort)
                  000028c0    00000020     csl6713.lib : csl_irq.obj (.text)

.far       0    000028e0    000011d6     UNINITIALIZED
                  000028e0    00000ff4     main.obj (.far)
                  000038d4    000000f4     csl6713.lib : csl_irq.obj (.far)
                  000039c8    00000058     c6713dskinit.obj (.far)
                  00003a20    00000038     csl6713.lib : csl_mcbsp.obj (.far)
                  00003a58    00000028     dsk6713bsl.lib : dsk6713_aic23_registers.obj (.far)
                  00003a80    00000020                    : dsk6713_aic23_setfreq.obj (.far)
                  00003aa0    0000000c     rts6700.lib : exit.obj (.far)
                  00003aac    00000008     dsk6713bsl.lib : dsk6713_aic23_opencodec.obj (.far)
                  00003ab4    00000002                    : dsk6713.obj (.far)

.cinit     0    00003ab8    00000bcc     
                  00003ab8    0000095a     main.obj (.cinit)
                  00004412    00000006     --HOLE-- [fill = 0]
                  00004418    0000012c     csl6713.lib : csl_irq.obj (.cinit)
                  00004544    00000004     --HOLE-- [fill = 0]
                  00004548    00000058     c6713dskinit.obj (.cinit)
                  000045a0    00000054     csl6713.lib : csl_mcbsp.obj (.cinit)
                  000045f4    00000004     --HOLE-- [fill = 0]
                  000045f8    00000030     dsk6713bsl.lib : dsk6713_aic23_registers.obj (.cinit)
                  00004628    0000002c     rts6700.lib : exit.obj (.cinit)
                  00004654    00000004     --HOLE-- [fill = 0]
                  00004658    00000028     dsk6713bsl.lib : dsk6713_aic23_setfreq.obj (.cinit)
                  00004680    00000004     --HOLE-- [fill = 0]

.stack     0    00004688    00000100     UNINITIALIZED
                  00004688    00000008     rts6700.lib : boot.obj (.stack)
                  00004690    000000f8     --HOLE--

.const     0    00004788    00000070     
                  00004788    00000040     dsk6713bsl.lib : dsk6713_aic23_opencodec.obj (.const)
                  000047c8    00000020                    : dsk6713.obj (.const)
                  000047e8    00000010     main.obj (.const:_Coeff)


GLOBAL SYMBOLS: SORTED ALPHABETICALLY BY Name 

address    name
--------   ----
00000220   $bss
00000220   .bss
00000220   .text
000028a0   C$$EXIT
000039d4   _AIC23CfgData
000039c8   _AIC_data
000047e8   _Coeff
00003aac   _DSK6713_AIC23_codeccontrolhandle
00003ab0   _DSK6713_AIC23_codecdatahandle
00001fc0   _DSK6713_AIC23_config
00001640   _DSK6713_AIC23_openCodec
00001f9c   _DSK6713_AIC23_rget
00001f00   _DSK6713_AIC23_rset
000025e0   _DSK6713_AIC23_setFreq
000015d4   _DSK6713_getVersion
0000120c   _DSK6713_init
00001528   _DSK6713_rget
0000153c   _DSK6713_rset
00003ab4   _DSK6713_version
00001550   _DSK6713_wait
000015a8   _DSK6713_waitusec
00003868   _DetectionCanalLibre
0000386a   _DetectionPulse
00003864   _Fx
00001ba0   _IRQ_map
0000386c   _IntgC
00002060   _MCBSP_open
00001d60   _MCBSP_reset
00002160   _MCBSP_start
000038a0   _Module
000038c0   _ModuleMaximum
000038c4   _ModuleMaximumSuivant
00003866   _Np
00003870   _Qn
00003880   _Qn_1
00003890   _Qn_2
00003204   _TabTrace
00002c00   _TablePulse
00003214   _Xn
00003218   _XnBuf
00003216   _Yn
0000353c   _YnBuf
000039c0   __IRQ_dispatchTable
000038fc   __IRQ_eventTable
000028c0   __IRQ_hookFetchPacket
00003980   __IRQ_intTable
00003a50   __MCBSP_hDev0
00003a54   __MCBSP_hDev1
00004788   __STACK_END
00000100   __STACK_SIZE
00000001   __TI_args_main
00002740   ___TI_cpp_init
00003aa8   ___TI_enable_exit_profile_output
ffffffff   ___TI_pprof_out_hndl
ffffffff   ___TI_prof_data_size
ffffffff   ___TI_prof_data_start
ffffffff   ___binit__
00000220   ___bss__
ffffffff   ___c_args__
00003ab8   ___cinit__
00000220   ___end__
000028e0   ___etext__
ffffffff   ___pinit__
00000220   ___text__
00002840   __args_main
00002260   __auto_init
00003aa0   __cleanup_ptr
00003aa4   __dtors_ptr
00004688   __stack
00002360   __strasg
000028a0   _abort
00000f44   _c6713_dsk_init
000027c0   _c_int00
000010ac   _comm_intr
00001078   _comm_poll
000039f4   _config
00002520   _copy_in
00002440   _exit
00003860   _f
00003862   _fmax
00003200   _fs
000028e0   _h
00003a1c   _hAIC23_handle
0000385c   _i
00000eb8   _input_left_sample
00000e28   _input_right_sample
00000d80   _input_sample
0000385e   _j
00000220   _main
00001960   _memcpy
00000ce0   _output_left_sample
00000c34   _output_right_sample
00000b80   _output_sample
000038d0   _t
000038c8   _tmp1
000038cc   _tmp2
00000020   _vector1
00000140   _vector10
00000160   _vector11
00000180   _vector12
000001a0   _vector13
000001c0   _vector14
000001e0   _vector15
00000040   _vector2
00000060   _vector3
00000080   _vector4
000000a0   _vector5
000000c0   _vector6
000000e0   _vector7
00000100   _vector8
00000120   _vector9
00000000   _vectors
ffffffff   binit
00003ab8   cinit
00000220   end
000028e0   etext
ffffffff   pinit


GLOBAL SYMBOLS: SORTED BY Symbol Address 

address    name
--------   ----
00000000   _vectors
00000001   __TI_args_main
00000020   _vector1
00000040   _vector2
00000060   _vector3
00000080   _vector4
000000a0   _vector5
000000c0   _vector6
000000e0   _vector7
00000100   __STACK_SIZE
00000100   _vector8
00000120   _vector9
00000140   _vector10
00000160   _vector11
00000180   _vector12
000001a0   _vector13
000001c0   _vector14
000001e0   _vector15
00000220   $bss
00000220   .bss
00000220   .text
00000220   ___bss__
00000220   ___end__
00000220   ___text__
00000220   _main
00000220   end
00000b80   _output_sample
00000c34   _output_right_sample
00000ce0   _output_left_sample
00000d80   _input_sample
00000e28   _input_right_sample
00000eb8   _input_left_sample
00000f44   _c6713_dsk_init
00001078   _comm_poll
000010ac   _comm_intr
0000120c   _DSK6713_init
00001528   _DSK6713_rget
0000153c   _DSK6713_rset
00001550   _DSK6713_wait
000015a8   _DSK6713_waitusec
000015d4   _DSK6713_getVersion
00001640   _DSK6713_AIC23_openCodec
00001960   _memcpy
00001ba0   _IRQ_map
00001d60   _MCBSP_reset
00001f00   _DSK6713_AIC23_rset
00001f9c   _DSK6713_AIC23_rget
00001fc0   _DSK6713_AIC23_config
00002060   _MCBSP_open
00002160   _MCBSP_start
00002260   __auto_init
00002360   __strasg
00002440   _exit
00002520   _copy_in
000025e0   _DSK6713_AIC23_setFreq
00002740   ___TI_cpp_init
000027c0   _c_int00
00002840   __args_main
000028a0   C$$EXIT
000028a0   _abort
000028c0   __IRQ_hookFetchPacket
000028e0   ___etext__
000028e0   _h
000028e0   etext
00002c00   _TablePulse
00003200   _fs
00003204   _TabTrace
00003214   _Xn
00003216   _Yn
00003218   _XnBuf
0000353c   _YnBuf
0000385c   _i
0000385e   _j
00003860   _f
00003862   _fmax
00003864   _Fx
00003866   _Np
00003868   _DetectionCanalLibre
0000386a   _DetectionPulse
0000386c   _IntgC
00003870   _Qn
00003880   _Qn_1
00003890   _Qn_2
000038a0   _Module
000038c0   _ModuleMaximum
000038c4   _ModuleMaximumSuivant
000038c8   _tmp1
000038cc   _tmp2
000038d0   _t
000038fc   __IRQ_eventTable
00003980   __IRQ_intTable
000039c0   __IRQ_dispatchTable
000039c8   _AIC_data
000039d4   _AIC23CfgData
000039f4   _config
00003a1c   _hAIC23_handle
00003a50   __MCBSP_hDev0
00003a54   __MCBSP_hDev1
00003aa0   __cleanup_ptr
00003aa4   __dtors_ptr
00003aa8   ___TI_enable_exit_profile_output
00003aac   _DSK6713_AIC23_codeccontrolhandle
00003ab0   _DSK6713_AIC23_codecdatahandle
00003ab4   _DSK6713_version
00003ab8   ___cinit__
00003ab8   cinit
00004688   __stack
00004788   __STACK_END
000047e8   _Coeff
ffffffff   ___TI_pprof_out_hndl
ffffffff   ___TI_prof_data_size
ffffffff   ___TI_prof_data_start
ffffffff   ___binit__
ffffffff   ___c_args__
ffffffff   ___pinit__
ffffffff   binit
ffffffff   pinit

[117 symbols]
